// Jest Snapshot v1, https://jestjs.io/docs/snapshot-testing

exports[`Extended Markdown Syntax >  Block Comments 1`] = `""<!-- .slide: class=\\"drop\\" -->\\n<div class=\\"\\" style=\\"position: absolute; left: 0px; top: 0px; height: 700px; width: 960px; min-height: 700px; display: flex; flex-direction: column; align-items: center; justify-content: center\\" absolute=\\"true\\">\\n\\n<div class=\\"block\\">\\n\\n#### Header\\n_and_\\nParagraph content\\n*in same block*\\n\\n</div>\\n</div>\\n---\\n<!-- .slide: class=\\"drop\\" -->\\n<div class=\\"\\" style=\\"position: absolute; left: 0px; top: 0px; height: 700px; width: 960px; min-height: 700px; display: flex; flex-direction: column; align-items: center; justify-content: center\\" absolute=\\"true\\">\\n\\nno color\\n\\n<div class=\\"block\\">\\n\\n<!-- .element: style=\\"background-color: red\\" -->\\n\\neverything inside this block has red background color\\n\\n<div class=\\"block\\">\\n\\n<!-- .element: style=\\"background-color: blue\\" -->\\n\\nblue\\n\\n</div>\\n\\n\\n\\nred\\n\\n</div>\\n\\n\\n\\nno color\\n</div>""`;

exports[`Extended Markdown Syntax >  Chart support > Extended Settings 1`] = `""<!-- .slide: class=\\"drop\\" -->\\n<div class=\\"\\" style=\\"position: absolute; left: 0px; top: 0px; height: 700px; width: 960px; min-height: 700px; display: flex; flex-direction: column; align-items: center; justify-content: center\\" absolute=\\"true\\">\\n<canvas style=\\"max-height:700px\\" data-chart=\\"bar\\" >\\n<!--\\n{\\"data\\":{\\"datasets\\":[{\\"data\\":[1,2,3,4,5,6,7,8,9],\\"label\\":\\"Title 1\\",\\"backgroundColor\\":\\"#4285f4\\"},{\\"data\\":[5,4,3,2,1,0,-1,-2,-3],\\"label\\":\\"Title 2\\",\\"backgroundColor\\":\\"#ea4335\\"}],\\"labels\\":[\\"Monday\\",\\"Tuesday\\",\\"Wednesday\\",\\"Thursday\\",\\"Friday\\",\\"Saturday\\",\\"Sunday\\",\\"next Week\\",\\"next Month\\"]},\\"options\\":{\\"elements\\":{\\"bar\\":{\\"spanGaps\\":true,\\"tension\\":0.5}},\\"scales\\":{\\"y\\":{\\"beginAtZero\\":true,\\"stacked\\":true},\\"x\\":{\\"stacked\\":true}},\\"plugins\\":{\\"legend\\":{\\"display\\":false,\\"position\\":\\"left\\"}}}}-->\\n</canvas>\\n</div>""`;

exports[`Extended Markdown Syntax >  Chart support > Illegal Input 1`] = `""<!-- .slide: class=\\"drop\\" -->\\n<div class=\\"\\" style=\\"position: absolute; left: 0px; top: 0px; height: 700px; width: 960px; min-height: 700px; display: flex; flex-direction: column; align-items: center; justify-content: center\\" absolute=\\"true\\">\\n\\n\`\`\`chart\\n    type: bar\\n    labels: [Monday,Tuesday,Wednesday,Thursday,Friday, Saturday, Sunday, \\"next Week\\", \\"next Month\\"]\\n    series:\\n      - title: Title 1\\n        data: [1,2,3,4,5,6,7,8,9]\\n      - title: Title 2\\n        data: [5,4,3,2,1,0,-1,-2,-3]\\n\`\\n</div>""`;

exports[`Extended Markdown Syntax >  Chart support 1`] = `""<!-- .slide: class=\\"drop\\" -->\\n<div class=\\"\\" style=\\"position: absolute; left: 0px; top: 0px; height: 700px; width: 960px; min-height: 700px; display: flex; flex-direction: column; align-items: center; justify-content: center\\" absolute=\\"true\\">\\n<canvas style=\\"max-height:700px\\" data-chart=\\"bar\\" >\\n<!--\\n{\\"data\\":{\\"datasets\\":[{\\"data\\":[1,2,3,4,5,6,7,8,9],\\"label\\":\\"Title 1\\",\\"backgroundColor\\":\\"#4285f4\\"},{\\"data\\":[5,4,3,2,1,0,-1,-2,-3],\\"label\\":\\"Title 2\\",\\"backgroundColor\\":\\"#ea4335\\"}],\\"labels\\":[\\"Monday\\",\\"Tuesday\\",\\"Wednesday\\",\\"Thursday\\",\\"Friday\\",\\"Saturday\\",\\"Sunday\\",\\"next Week\\",\\"next Month\\"]},\\"options\\":{\\"elements\\":{\\"bar\\":{}}}}-->\\n</canvas>\\n</div>""`;

exports[`Extended Markdown Syntax >  Default Background 1`] = `""<!-- .slide: class=\\"drop\\" data-background-image=\\"/documentation/Image.jpg\\" -->\\n<div class=\\"\\" style=\\"position: absolute; left: 0px; top: 0px; height: 700px; width: 960px; min-height: 700px; display: flex; flex-direction: column; align-items: center; justify-content: center\\" absolute=\\"true\\">\\n\\n## Slide with default Background\\n</div>\\n---\\n<!-- .slide: class=\\"drop\\" data-background-image=\\"/documentation/Slide.jpg\\" -->\\n<div class=\\"\\" style=\\"position: absolute; left: 0px; top: 0px; height: 700px; width: 960px; min-height: 700px; display: flex; flex-direction: column; align-items: center; justify-content: center\\" absolute=\\"true\\">\\n\\n## Slide with overloaded Background\\n</div>\\n---\\n<!-- .slide: class=\\"titleSlide drop\\" data-background-image=\\"/documentation/Image.jpg\\" -->\\n<div class=\\"\\" style=\\"position: absolute; left: 0px; top: 0px; height: 700px; width: 960px; min-height: 700px; display: flex; flex-direction: column; align-items: center; justify-content: center\\" absolute=\\"true\\">\\n\\n## Slide without overloaded Background\\n</div>""`;

exports[`Extended Markdown Syntax >  Element Annotations 1`] = `""<!-- .slide: class=\\"drop\\" -->\\n<div class=\\"\\" style=\\"position: absolute; left: 0px; top: 0px; height: 700px; width: 960px; min-height: 700px; display: flex; flex-direction: column; align-items: center; justify-content: center\\" absolute=\\"true\\">\\n\\ntext with border <!-- .element: class=\\"with-border\\" -->\\n\\ntext with background <!-- .element: style=\\"background: blue\\" -->\\n\\ntext with attribute <!-- .element: data-toggle=\\"modal\\" -->\\n</div>""`;

exports[`Extended Markdown Syntax >  Excalidraw support 1`] = `""<!-- .slide: class=\\"drop\\" -->\\n<div class=\\"\\" style=\\"position: absolute; left: 0px; top: 0px; height: 700px; width: 960px; min-height: 700px; display: flex; flex-direction: column; align-items: center; justify-content: center\\" absolute=\\"true\\">\\n\\n#### Excalidraw support\\n\\n<img src=\\"path/to/Sample.excalidraw.svg\\" alt=\\"\\" style=\\"width: 100px; object-fit: fill\\">\\n\\n\\n<img src=\\"path/to/Sample.excalidraw.svg\\" alt=\\"\\" style=\\"width: 300px; height: 400px; object-fit: fill\\">\\n</div>""`;

exports[`Extended Markdown Syntax >  Fragmented list 1`] = `""<!-- .slide: class=\\"drop\\" -->\\n<div class=\\"\\" style=\\"position: absolute; left: 0px; top: 0px; height: 700px; width: 960px; min-height: 700px; display: flex; flex-direction: column; align-items: center; justify-content: center\\" absolute=\\"true\\">\\n\\n# Unordered list\\n\\n- First\\n- Second\\n- Third\\n</div>\\n---\\n<!-- .slide: class=\\"drop\\" -->\\n<div class=\\"\\" style=\\"position: absolute; left: 0px; top: 0px; height: 700px; width: 960px; min-height: 700px; display: flex; flex-direction: column; align-items: center; justify-content: center\\" absolute=\\"true\\">\\n\\n# Fragmented unordered list\\n\\n- Permanent\\n- &shy;<!-- .element: class=\\"fragment\\" data-fragment-index=\\"1\\" -->First\\n- &shy;<!-- .element: class=\\"fragment\\" data-fragment-index=\\"2\\" -->Second\\n- &shy;<!-- .element: class=\\"fragment\\" data-fragment-index=\\"3\\" -->Third\\n</div>\\n---\\n<!-- .slide: class=\\"drop\\" -->\\n<div class=\\"\\" style=\\"position: absolute; left: 0px; top: 0px; height: 700px; width: 960px; min-height: 700px; display: flex; flex-direction: column; align-items: center; justify-content: center\\" absolute=\\"true\\">\\n\\n# Fragmented unordered list with ignored code block\\n\\n- First\\n- &shy;<!-- .element: class=\\"fragment\\" data-fragment-index=\\"1\\" -->Second\\n\\n\`\`\`diff\\n- ignored block text 1\\n+ ignored block text 2\\n\`\`\`\\n</div>\\n---\\n<!-- .slide: class=\\"drop\\" -->\\n<div class=\\"\\" style=\\"position: absolute; left: 0px; top: 0px; height: 700px; width: 960px; min-height: 700px; display: flex; flex-direction: column; align-items: center; justify-content: center\\" absolute=\\"true\\">\\n\\n# Ordered list\\n\\n1. First\\n2. Second\\n3. Third\\n</div>\\n---\\n<!-- .slide: class=\\"drop\\" -->\\n<div class=\\"\\" style=\\"position: absolute; left: 0px; top: 0px; height: 700px; width: 960px; min-height: 700px; display: flex; flex-direction: column; align-items: center; justify-content: center\\" absolute=\\"true\\">\\n\\n# Fragmented ordered list\\n\\n1. Permanent\\n1. &shy;<!-- .element: class=\\"fragment\\" data-fragment-index=\\"1\\" -->Second\\n1. &shy;<!-- .element: class=\\"fragment\\" data-fragment-index=\\"2\\" -->Third\\n1. &shy;<!-- .element: class=\\"fragment\\" data-fragment-index=\\"3\\" -->Fourth\\n</div>""`;

exports[`Extended Markdown Syntax >  Fragments 1`] = `""<!-- .slide: class=\\"drop\\" -->\\n<div class=\\"\\" style=\\"position: absolute; left: 0px; top: 0px; height: 700px; width: 960px; min-height: 700px; display: flex; flex-direction: column; align-items: center; justify-content: center\\" absolute=\\"true\\">\\n\\nFade in <!-- .element: class=\\"fragment\\" -->\\n\\nFade out <!-- .element: class=\\"fragment fade-out\\" -->\\n\\nHighlight red <!-- .element: class=\\"fragment highlight-red\\" -->\\n\\nFade in, then out <!-- .element: class=\\"fragment fade-in-then-out\\" -->\\n\\nSlide up while fading in <!-- .element: class=\\"fragment fade-up\\" -->\\n</div>\\n---\\n<!-- .slide: class=\\"drop\\" -->\\n<div class=\\"\\" style=\\"position: absolute; left: 0px; top: 0px; height: 700px; width: 960px; min-height: 700px; display: flex; flex-direction: column; align-items: center; justify-content: center\\" absolute=\\"true\\">\\n\\n- Permanent item\\n- Appear Fourth <!-- .element: class=\\"fragment\\" data-fragment-index=\\"4\\" -->\\n- Appear Third <!-- .element: class=\\"fragment\\" data-fragment-index=\\"3\\" -->\\n- Appear Second <!-- .element: class=\\"fragment\\" data-fragment-index=\\"2\\" -->\\n- Appear First <!-- .element: class=\\"fragment\\" data-fragment-index=\\"1\\" -->\\n</div>""`;

exports[`Extended Markdown Syntax >  Inline Styling 1`] = `""<!-- .slide: class=\\"drop\\" -->\\n<div class=\\"\\" style=\\"position: absolute; left: 0px; top: 0px; height: 700px; width: 960px; min-height: 700px; display: flex; flex-direction: column; align-items: center; justify-content: center\\" absolute=\\"true\\">\\n\\n<style>\\n.with-border{\\n    border: 1px solid red;\\n}\\n</style>\\n\\nstyled text <!-- .element: class=\\"with-border\\" -->\\n</div>""`;

exports[`Extended Markdown Syntax >  Slide Annotations 1`] = `""<!-- .slide: style=\\"background-color: coral\\" class=\\"drop\\" -->\\n<div class=\\"\\" style=\\"position: absolute; left: 0px; top: 0px; height: 700px; width: 960px; min-height: 700px; display: flex; flex-direction: column; align-items: center; justify-content: center\\" absolute=\\"true\\">\\n\\n# Header with coral background color\\n\\nParagraph has coral background color, too!\\n</div>\\n---\\n<!-- .slide: style=\\"background-color: green\\" class=\\"drop\\" -->\\n<div class=\\"\\" style=\\"position: absolute; left: 0px; top: 0px; height: 700px; width: 960px; min-height: 700px; display: flex; flex-direction: column; align-items: center; justify-content: center\\" absolute=\\"true\\">\\n\\n- All Bullet points\\n- have green\\n- background color\\n</div>""`;

exports[`Extended Markdown Syntax >  Slide Backgrounds 1`] = `""<!-- .slide: class=\\"drop\\" data-background=\\"aquamarine\\" -->\\n<div class=\\"\\" style=\\"position: absolute; left: 0px; top: 0px; height: 700px; width: 960px; min-height: 700px; display: flex; flex-direction: column; align-items: center; justify-content: center\\" absolute=\\"true\\">\\n\\n## Slide with text based background\\n</div>\\n---\\n<!-- .slide: class=\\"drop\\" data-background=\\"#ff0000\\" -->\\n<div class=\\"\\" style=\\"position: absolute; left: 0px; top: 0px; height: 700px; width: 960px; min-height: 700px; display: flex; flex-direction: column; align-items: center; justify-content: center\\" absolute=\\"true\\">\\n\\n## Slide with hex based background\\n</div>\\n---\\n<!-- .slide: class=\\"drop\\" data-background=\\"rgb(70, 70, 255)\\" -->\\n<div class=\\"\\" style=\\"position: absolute; left: 0px; top: 0px; height: 700px; width: 960px; min-height: 700px; display: flex; flex-direction: column; align-items: center; justify-content: center\\" absolute=\\"true\\">\\n\\n## Slide with rgb based background\\n</div>\\n---\\n<!-- .slide: class=\\"drop\\" data-background=\\"hsla(315, 100%, 50%, 1)\\" -->\\n<div class=\\"\\" style=\\"position: absolute; left: 0px; top: 0px; height: 700px; width: 960px; min-height: 700px; display: flex; flex-direction: column; align-items: center; justify-content: center\\" absolute=\\"true\\">\\n\\n## Slide with hsl based background\\n</div>\\n---\\n<!-- .slide: class=\\"drop\\" -->\\n<div class=\\"\\" style=\\"position: absolute; left: 0px; top: 0px; height: 700px; width: 960px; min-height: 700px; display: flex; flex-direction: column; align-items: center; justify-content: center\\" absolute=\\"true\\">\\n\\n# Slide without background\\n</div>\\n---\\n<!-- .slide: class=\\"drop\\" data-background-image=\\"https://picsum.photos/seed/picsum/800/600\\" -->\\n<div class=\\"\\" style=\\"position: absolute; left: 0px; top: 0px; height: 700px; width: 960px; min-height: 700px; display: flex; flex-direction: column; align-items: center; justify-content: center\\" absolute=\\"true\\">\\n\\n## Slide with image background\\n</div>\\n---\\n<!-- .slide: class=\\"drop\\" data-background-image=\\"/documentation/Image.jpg\\" -->\\n<div class=\\"\\" style=\\"position: absolute; left: 0px; top: 0px; height: 700px; width: 960px; min-height: 700px; display: flex; flex-direction: column; align-items: center; justify-content: center\\" absolute=\\"true\\">\\n\\n## Slide with image background #2\\n</div>\\n---\\n<!-- .slide: class=\\"drop\\" data-background-image=\\"https://picsum.photos/seed/picsum/800/600\\" data-background-opacity=\\"0.5\\" -->\\n<div class=\\"\\" style=\\"position: absolute; left: 0px; top: 0px; height: 700px; width: 960px; min-height: 700px; display: flex; flex-direction: column; align-items: center; justify-content: center\\" absolute=\\"true\\">\\n\\n## with opacity\\n\\n0.5 ≙ 50% opacity\\n</div>\\n---\\n<!-- .slide: class=\\"drop\\" -->\\n<div class=\\"\\" style=\\"position: absolute; left: 0px; top: 0px; height: 700px; width: 960px; min-height: 700px; display: flex; flex-direction: column; align-items: center; justify-content: center\\" absolute=\\"true\\">\\n\\n## More options:\\n\\nSee [reveal backgrounds](https://revealjs.com/backgrounds/)\\n</div>""`;

exports[`Extended Markdown Syntax >  Speaker Notes 1`] = `""<!-- .slide: class=\\"drop\\" -->\\n<div class=\\"\\" style=\\"position: absolute; left: 0px; top: 0px; height: 700px; width: 960px; min-height: 700px; display: flex; flex-direction: column; align-items: center; justify-content: center\\" absolute=\\"true\\">\\n\\n## My Slide\\n\\nThis is part of my Presentation\\n</div>\\n\\nnote: this is not! Only the speaker might see this text.\\n\\n- and this bulletpoint\\n- or this picture\\n\\n<img src=\\"https://picsum.photos/id/1005/250/250\\" alt=\\"\\" style=\\"object-fit: scale-down\\">\\n\\n""`;

exports[`Extended Markdown Syntax > Horizontal / Vertical Slides 1`] = `""<!-- .slide: class=\\"drop\\" -->\\n<div class=\\"\\" style=\\"position: absolute; left: 0px; top: 0px; height: 700px; width: 960px; min-height: 700px; display: flex; flex-direction: column; align-items: center; justify-content: center\\" absolute=\\"true\\">\\n\\n# Slide 1\\n</div>\\n---\\n<!-- .slide: class=\\"drop\\" -->\\n<div class=\\"\\" style=\\"position: absolute; left: 0px; top: 0px; height: 700px; width: 960px; min-height: 700px; display: flex; flex-direction: column; align-items: center; justify-content: center\\" absolute=\\"true\\">\\n\\n# Slide 2.1\\n</div>\\n--\\n<!-- .slide: class=\\"drop\\" -->\\n<div class=\\"\\" style=\\"position: absolute; left: 0px; top: 0px; height: 700px; width: 960px; min-height: 700px; display: flex; flex-direction: column; align-items: center; justify-content: center\\" absolute=\\"true\\">\\n\\n# Slide 2.2\\n</div>""`;

exports[`Slides Extended Feature >  Show Debug Grid 1`] = `""<!-- .slide: class=\\"drop\\" -->\\n<div class=\\"\\" style=\\"position: absolute; left: 0px; top: 0px; height: 700px; width: 960px; min-height: 700px; display: flex; flex-direction: column; align-items: center; justify-content: center\\" absolute=\\"true\\">\\n\\n## My Slide\\n\\nThis slide shows the debug view feature\\n\\n\\n<div class=\\"\\" style=\\"border: thin dotted blue; box-sizing: border-box; position: absolute; left: 0%; top: 0%; height: 10%; width: 100%; display: flex; flex-direction: column; align-items: center; justify-content: center\\" >\\n</div>\\n<div class=\\"\\" style=\\"border: thin dotted blue; box-sizing: border-box; position: absolute; left: 0%; top: 10%; height: 10%; width: 100%; display: flex; flex-direction: column; align-items: center; justify-content: center\\" >\\n</div>\\n<div class=\\"\\" style=\\"border: thin dotted blue; box-sizing: border-box; position: absolute; left: 0%; top: 20%; height: 10%; width: 100%; display: flex; flex-direction: column; align-items: center; justify-content: center\\" >\\n</div>\\n<div class=\\"\\" style=\\"border: thin dotted blue; box-sizing: border-box; position: absolute; left: 0%; top: 30%; height: 10%; width: 100%; display: flex; flex-direction: column; align-items: center; justify-content: center\\" >\\n</div>\\n<div class=\\"\\" style=\\"border: thin dotted blue; box-sizing: border-box; position: absolute; left: 0%; top: 40%; height: 10%; width: 100%; display: flex; flex-direction: column; align-items: center; justify-content: center\\" >\\n</div>\\n<div class=\\"\\" style=\\"border: thin dotted blue; box-sizing: border-box; position: absolute; left: 0%; top: 50%; height: 10%; width: 100%; display: flex; flex-direction: column; align-items: center; justify-content: center\\" >\\n</div>\\n<div class=\\"\\" style=\\"border: thin dotted blue; box-sizing: border-box; position: absolute; left: 0%; top: 60%; height: 10%; width: 100%; display: flex; flex-direction: column; align-items: center; justify-content: center\\" >\\n</div>\\n<div class=\\"\\" style=\\"border: thin dotted blue; box-sizing: border-box; position: absolute; left: 0%; top: 70%; height: 10%; width: 100%; display: flex; flex-direction: column; align-items: center; justify-content: center\\" >\\n</div>\\n<div class=\\"\\" style=\\"border: thin dotted blue; box-sizing: border-box; position: absolute; left: 0%; top: 80%; height: 10%; width: 100%; display: flex; flex-direction: column; align-items: center; justify-content: center\\" >\\n</div>\\n<div class=\\"\\" style=\\"border: thin dotted blue; box-sizing: border-box; position: absolute; left: 0%; top: 90%; height: 10%; width: 100%; display: flex; flex-direction: column; align-items: center; justify-content: center\\" >\\n</div>\\n<div class=\\"\\" style=\\"border: thin dotted blue; box-sizing: border-box; position: absolute; left: 0%; top: 0%; height: 100%; width: 10%; display: flex; flex-direction: column; align-items: center; justify-content: center\\" >\\n</div>\\n<div class=\\"\\" style=\\"border: thin dotted blue; box-sizing: border-box; position: absolute; left: 10%; top: 0%; height: 100%; width: 10%; display: flex; flex-direction: column; align-items: center; justify-content: center\\" >\\n</div>\\n<div class=\\"\\" style=\\"border: thin dotted blue; box-sizing: border-box; position: absolute; left: 20%; top: 0%; height: 100%; width: 10%; display: flex; flex-direction: column; align-items: center; justify-content: center\\" >\\n</div>\\n<div class=\\"\\" style=\\"border: thin dotted blue; box-sizing: border-box; position: absolute; left: 30%; top: 0%; height: 100%; width: 10%; display: flex; flex-direction: column; align-items: center; justify-content: center\\" >\\n</div>\\n<div class=\\"\\" style=\\"border: thin dotted blue; box-sizing: border-box; position: absolute; left: 40%; top: 0%; height: 100%; width: 10%; display: flex; flex-direction: column; align-items: center; justify-content: center\\" >\\n</div>\\n<div class=\\"\\" style=\\"border: thin dotted blue; box-sizing: border-box; position: absolute; left: 50%; top: 0%; height: 100%; width: 10%; display: flex; flex-direction: column; align-items: center; justify-content: center\\" >\\n</div>\\n<div class=\\"\\" style=\\"border: thin dotted blue; box-sizing: border-box; position: absolute; left: 60%; top: 0%; height: 100%; width: 10%; display: flex; flex-direction: column; align-items: center; justify-content: center\\" >\\n</div>\\n<div class=\\"\\" style=\\"border: thin dotted blue; box-sizing: border-box; position: absolute; left: 70%; top: 0%; height: 100%; width: 10%; display: flex; flex-direction: column; align-items: center; justify-content: center\\" >\\n</div>\\n<div class=\\"\\" style=\\"border: thin dotted blue; box-sizing: border-box; position: absolute; left: 80%; top: 0%; height: 100%; width: 10%; display: flex; flex-direction: column; align-items: center; justify-content: center\\" >\\n</div>\\n<div class=\\"\\" style=\\"border: thin dotted blue; box-sizing: border-box; position: absolute; left: 90%; top: 0%; height: 100%; width: 10%; display: flex; flex-direction: column; align-items: center; justify-content: center\\" >\\n</div>\\n</div>""`;
